// Jest Snapshot v1, https://goo.gl/fbAQLP

exports[`renders correctly 1`] = `
<Modal
  contentLabel="onboarding.header"
  medium={true}
  onRequestClose={[MockFunction]}
  shouldCloseOnOverlayClick={false}
  simple={true}
>
  <div
    className="modal-simple-head text-center"
  >
    <h1>
      onboarding.header
    </h1>
    <p
      className="spacer-top"
    >
      onboarding.header.description
    </p>
  </div>
  <div
    className="modal-simple-body text-center onboarding-choices"
  >
    <Button
      className="onboarding-choice"
      onClick={[MockFunction]}
    >
      <OnboardingProjectIcon
        className="big-spacer-bottom"
      />
      <h6
        className="onboarding-choice-name"
      >
        onboarding.analyze_your_code
      </h6>
    </Button>
    <Button
      className="onboarding-choice"
      onClick={[MockFunction]}
    >
      <OnboardingTeamIcon
        className="big-spacer-bottom"
      />
      <h6
        className="onboarding-choice-name"
      >
        onboarding.contribute_existing_project
      </h6>
    </Button>
  </div>
  <div
    className="modal-simple-foot text-center"
  >
    <ResetButtonLink
      className="spacer-bottom"
      onClick={[MockFunction]}
    >
      not_now
    </ResetButtonLink>
    <p
      className="note"
    >
      onboarding.footer
    </p>
  </div>
</Modal>
`;
